../Core/Src/main.c:76:9:read_encoder_value	16	static
../Core/Src/main.c:93:6:HAL_TIM_PeriodElapsedCallback	16	static
../Core/Src/main.c:101:5:_write	24	static
../Core/Src/main.c:113:5:main	8	static
../Core/Src/main.c:173:6:SystemClock_Config	88	static
../Core/Src/main.c:214:13:MX_SPI1_Init	8	static
../Core/Src/main.c:254:13:MX_TIM2_Init	56	static
../Core/Src/main.c:303:13:MX_TIM16_Init	8	static
../Core/Src/main.c:335:13:MX_USART1_UART_Init	8	static
../Core/Src/main.c:383:13:MX_USART2_UART_Init	8	static
../Core/Src/main.c:431:13:MX_GPIO_Init	16	static
../Core/Src/main.c:452:6:Error_Handler	4	static,ignoring_inline_asm
